[backblue.gif]
[fade.gif]
[index.html]
[cds.iitgn.ac.in/feed/index.html]
[cds.iitgn.ac.in/comments/feed/index.html]
[cds.iitgn.ac.in/wp-content/themes/Divi/includes/builder/styles/images/preloader.gif]
[cds.iitgn.ac.in/wp-content/themes/Divi/core/admin/fonts/modules/base/modules.eot]
[cds.iitgn.ac.in/wp-json/wp/v2/pages/9.json]
[cds.iitgn.ac.in/wp-json/index.html]
[cds.iitgn.ac.in/xmlrpc0db0.php]
[cds.iitgn.ac.in/wp-includes/wlwmanifest.xml]
[cds.iitgn.ac.in/wp-json/oembed/1.0/embed8cb7.json]
[cds.iitgn.ac.in/wp-json/oembed/1.0/embed216a]
[cds.iitgn.ac.in/wp-content/uploads/2022/09/cropped-CDS-Logo-scaled-1-32x32.jpg]
[cds.iitgn.ac.in/wp-content/uploads/2022/09/cropped-CDS-Logo-scaled-1-192x192.jpg]
[cds.iitgn.ac.in/wp-content/uploads/2022/09/cropped-CDS-Logo-scaled-1-180x180.jpg]
[cds.iitgn.ac.in/wp-content/uploads/2022/09/CDS-Logo-2.jpg]
[cds.iitgn.ac.in/wp-includes/js/jquery/jquery.minaf6c.js]
[cds.iitgn.ac.in/wp-includes/js/jquery/jquery-migrate.mind617.js]
[cds.iitgn.ac.in/wp-content/plugins/wp-carousel-free/public/js/swiper-bundle.min18f6.js]
[cds.iitgn.ac.in/wp-content/plugins/wp-carousel-free/public/js/wp-carousel-free-public.min18f6.js]
[cds.iitgn.ac.in/wp-content/themes/Divi/js/scripts.min8686.js]
[cds.iitgn.ac.in/wp-content/plugins/divi-100-back-to-top/assets/js/scriptseb35.js]
[cds.iitgn.ac.in/wp-content/themes/Divi/core/admin/js/common8686.js]
[cds.iitgn.ac.in/index.html]
[cds.iitgn.ac.in/xmlrpc.php]
[cds.iitgn.ac.in/wp-content/plugins/wp-carousel-free/public/css/swiper-bundle.min18f6.css]
[cds.iitgn.ac.in/wp-content/plugins/wp-carousel-free/public/fonts/fontawesome-webfont3e6e.eot]
[cds.iitgn.ac.in/wp-content/plugins/wp-carousel-free/public/fonts/fontawesome-webfontd41d.eot]
[cds.iitgn.ac.in/wp-content/plugins/wp-carousel-free/public/fonts/fontawesome-webfont3e6e.woff2]
[cds.iitgn.ac.in/wp-content/plugins/wp-carousel-free/public/fonts/fontawesome-webfont3e6e.woff]
[cds.iitgn.ac.in/wp-content/plugins/wp-carousel-free/public/fonts/fontawesome-webfont3e6e.ttf]
[cds.iitgn.ac.in/wp-content/plugins/wp-carousel-free/public/css/font-awesome.min18f6.css]
[cds.iitgn.ac.in/wp-content/plugins/wp-carousel-free/public/css/wp-carousel-free-public.min18f6.css]
[cds.iitgn.ac.in/wp-content/plugins/divi-100-back-to-top/assets/css/styleeb35.css]
[cds.iitgn.ac.in/wp-json/wp/v2/pages/324.json]
[cds.iitgn.ac.in/wp-json/oembed/1.0/embedeb91.json]
[cds.iitgn.ac.in/wp-json/oembed/1.0/embede7f2]
[cds.iitgn.ac.in/wp-content/uploads/2022/04/ASF-1.jpg]
[cds.iitgn.ac.in/wp-content/themes/Divi/includes/builder/feature/dynamic-assets/assets/js/jquery.fitvids8686.js]
[cds.iitgn.ac.in/about-us/index.html]
[cds.iitgn.ac.in/wp-json/wp/v2/pages/1291.json]
[cds.iitgn.ac.in/wp-json/oembed/1.0/embed748c.json]
[cds.iitgn.ac.in/wp-json/oembed/1.0/embed1839]
[cds.iitgn.ac.in/wp-content/uploads/2022/06/A-Invitation-for-Recruitment-Drive-2022-23.png]
[cds.iitgn.ac.in/cds-brochure-4/index.html]
[cds.iitgn.ac.in/wp-json/wp/v2/pages/1310.json]
[cds.iitgn.ac.in/wp-json/oembed/1.0/embed5182.json]
[cds.iitgn.ac.in/wp-json/oembed/1.0/embed679e]
[cds.iitgn.ac.in/why-to-recruit/index.html]
[cds.iitgn.ac.in/wp-json/wp/v2/pages/1319.json]
[cds.iitgn.ac.in/wp-json/oembed/1.0/embed1a69.json]
[cds.iitgn.ac.in/wp-json/oembed/1.0/embed9213]
[cds.iitgn.ac.in/what-we-have/index.html]
[cds.iitgn.ac.in/wp-json/wp/v2/pages/1332.json]
[cds.iitgn.ac.in/wp-json/oembed/1.0/embed63f0.json]
[cds.iitgn.ac.in/wp-json/oembed/1.0/embed83de]
[cds.iitgn.ac.in/how-to-recruit/index.html]
[cds.iitgn.ac.in/wp-json/wp/v2/pages/2176.json]
[cds.iitgn.ac.in/wp-json/oembed/1.0/embedb00f.json]
[cds.iitgn.ac.in/wp-json/oembed/1.0/embed5108]
[cds.iitgn.ac.in/recruitment-policy/index.html]
[cds.iitgn.ac.in/wp-json/wp/v2/pages/1327.json]
[cds.iitgn.ac.in/wp-json/oembed/1.0/embed59a3.json]
[cds.iitgn.ac.in/wp-json/oembed/1.0/embede66a]
[cds.iitgn.ac.in/wp-content/uploads/2022/05/Demography-B.png]
[cds.iitgn.ac.in/demography-of-students/index.html]
[cds.iitgn.ac.in/wp-json/wp/v2/pages/1271.json]
[cds.iitgn.ac.in/wp-json/oembed/1.0/embed915e.json]
[cds.iitgn.ac.in/wp-json/oembed/1.0/embed8fee]
[cds.iitgn.ac.in/wp-content/uploads/2022/05/JAF-IITGN-2023-For-Fulltime-Hiring.doc]
[cds.iitgn.ac.in/job-announcement-form-jaf/index.html]
[cds.iitgn.ac.in/wp-json/wp/v2/pages/1282.json]
[cds.iitgn.ac.in/wp-json/oembed/1.0/embedcbbb.json]
[cds.iitgn.ac.in/wp-json/oembed/1.0/embed5166]
[cds.iitgn.ac.in/wp-content/uploads/2022/05/IAF-IITGN-2023-For-Internship-Hiring.doc]
[cds.iitgn.ac.in/internship-announcement-form/index.html]
[cds.iitgn.ac.in/wp-json/wp/v2/pages/1323.json]
[cds.iitgn.ac.in/wp-json/oembed/1.0/embed1490.json]
[cds.iitgn.ac.in/wp-json/oembed/1.0/embed8e34]
[cds.iitgn.ac.in/timeline-for-the-process/index.html]
[cds.iitgn.ac.in/wp-json/wp/v2/pages/2225.json]
[cds.iitgn.ac.in/wp-json/oembed/1.0/embed9e7c.json]
[cds.iitgn.ac.in/wp-json/oembed/1.0/embed05ad]
[cds.iitgn.ac.in/wp-content/uploads/2022/08/Aarti.png]
[cds.iitgn.ac.in/wp-content/uploads/2022/08/Accenture-India.png]
[cds.iitgn.ac.in/wp-content/uploads/2022/08/Adani-Group.png]
[cds.iitgn.ac.in/wp-content/uploads/2022/08/Addverb.png]
[cds.iitgn.ac.in/wp-content/uploads/2022/08/Adobe-India.png]
[cds.iitgn.ac.in/wp-content/uploads/2022/08/Amagi-Media-Labs-Pvt.-Ltd..png]
[cds.iitgn.ac.in/wp-content/uploads/2022/08/Amazon.jpg]
[cds.iitgn.ac.in/wp-content/uploads/2022/08/Amul.png]
[cds.iitgn.ac.in/wp-content/uploads/2022/08/ArcelorMittal-Nippon-Steel-India.jpg]
[cds.iitgn.ac.in/wp-content/uploads/2022/08/Atlas-Copco-India-Limited.png]
[cds.iitgn.ac.in/wp-content/uploads/2022/08/Bank-of-America.png]
[cds.iitgn.ac.in/wp-content/uploads/2022/08/Barclays.jpg]
[cds.iitgn.ac.in/wp-content/uploads/2022/08/Bharat-Electronics-Limited-BEL.png]
[cds.iitgn.ac.in/wp-content/uploads/2022/08/Bombardier-Transportation-India-Private-Limited.png]
[cds.iitgn.ac.in/wp-content/uploads/2022/08/BYJU_s.png]
[cds.iitgn.ac.in/wp-content/uploads/2022/08/Cactus-Communications.jpg]
[cds.iitgn.ac.in/wp-content/uploads/2022/08/Capgemini.png]
[cds.iitgn.ac.in/wp-content/uploads/2022/08/Carrier-Corporation.png]
[cds.iitgn.ac.in/wp-content/uploads/2022/08/C-DAC.png]
[cds.iitgn.ac.in/wp-content/uploads/2022/08/Ceremorphic-Technologies-Private-Limited.jpg]
[cds.iitgn.ac.in/wp-content/uploads/2022/08/Clumio.jpg]
[cds.iitgn.ac.in/wp-content/uploads/2022/08/Cognizant.jpg]
[cds.iitgn.ac.in/wp-content/uploads/2022/08/D.-E.-Shaw-India.jpg]
[cds.iitgn.ac.in/wp-content/uploads/2022/08/Deepen-AI.png]
[cds.iitgn.ac.in/wp-content/uploads/2022/08/Deloitte.png]
[cds.iitgn.ac.in/wp-content/uploads/2022/08/Diverta-Inc-Japan.png]
[cds.iitgn.ac.in/wp-content/uploads/2022/08/download-1.png]
[cds.iitgn.ac.in/wp-content/uploads/2022/08/Enphase-Solar-Energy-Pvt-Ltd.png]
[cds.iitgn.ac.in/wp-content/uploads/2022/08/Euler-Systems.png]
[cds.iitgn.ac.in/wp-content/uploads/2022/08/FIITJEE-LTD..jpg]
[cds.iitgn.ac.in/wp-content/uploads/2022/08/GAIL.jpg]
[cds.iitgn.ac.in/wp-content/uploads/2022/08/General-Electric.png]
[cds.iitgn.ac.in/wp-content/uploads/2022/08/GEP-Worldwide.png]
[cds.iitgn.ac.in/wp-content/uploads/2022/08/Goldman-Sachs.png]
[cds.iitgn.ac.in/wp-content/uploads/2022/08/Google-India.png]
[cds.iitgn.ac.in/wp-content/uploads/2022/08/Graviton-Research-Capital.png]
[cds.iitgn.ac.in/wp-content/uploads/2022/08/GreyOrange-Pvt-Ltd.png]
[cds.iitgn.ac.in/wp-content/uploads/2022/08/GSFC.png]
[cds.iitgn.ac.in/wp-content/uploads/2022/08/GSPL.png]
[cds.iitgn.ac.in/wp-content/uploads/2022/08/HCL-Technologies.png]
[cds.iitgn.ac.in/wp-content/uploads/2022/08/HDFC-Bank.jpg]
[cds.iitgn.ac.in/wp-content/uploads/2022/08/HPCL.png]
[cds.iitgn.ac.in/wp-content/uploads/2022/08/HSBC-Technology-India.png]
[cds.iitgn.ac.in/wp-content/uploads/2022/08/ICICI-Bank.jpg]
[cds.iitgn.ac.in/wp-content/uploads/2022/08/IGCOmbesideyou-Inc..png]
[cds.iitgn.ac.in/wp-content/uploads/2022/08/Infosys.png]
[cds.iitgn.ac.in/wp-content/uploads/2022/08/INFURNIA-TECHNOLOGIES.jpg]
[cds.iitgn.ac.in/wp-content/uploads/2022/08/IOCL.png]
[cds.iitgn.ac.in/wp-content/uploads/2022/08/ISRO.png]
[cds.iitgn.ac.in/wp-content/uploads/2022/08/ITC.jpg]
[cds.iitgn.ac.in/wp-content/uploads/2022/08/Jaguar-Land-Rover-India.jpg]
[cds.iitgn.ac.in/wp-content/uploads/2022/08/Jio-Platform-Limited.png]
[cds.iitgn.ac.in/wp-content/uploads/2022/08/JohnDeere.png]
[cds.iitgn.ac.in/wp-content/uploads/2022/08/JSW.png]
[cds.iitgn.ac.in/wp-content/uploads/2022/08/Jubilant-Life-Sciences-Ltd.png]
[cds.iitgn.ac.in/wp-content/uploads/2022/08/KPIT.png]
[cds.iitgn.ac.in/wp-content/uploads/2022/08/Kuken-Kogyo-Co.-Ltd.-Japan.png]
[cds.iitgn.ac.in/wp-content/uploads/2022/08/Larsen-_-Toubro-Limited.jpg]
[cds.iitgn.ac.in/wp-content/uploads/2022/08/Linde-Engineering-India-Pvt.-Ltd..png]
[cds.iitgn.ac.in/wp-content/uploads/2022/08/Lyne-ai.png]
[cds.iitgn.ac.in/wp-content/uploads/2022/08/Mahindra.png]
[cds.iitgn.ac.in/wp-content/uploads/2022/08/Marvell-Semiconductor.png]
[cds.iitgn.ac.in/wp-content/uploads/2022/08/MathWorks-India.jpg]
[cds.iitgn.ac.in/wp-content/uploads/2022/08/MediaTek.png]
[cds.iitgn.ac.in/wp-content/uploads/2022/08/Newzera.jpg]
[cds.iitgn.ac.in/wp-content/uploads/2022/08/NIVEA.png]
[cds.iitgn.ac.in/wp-content/uploads/2022/08/Nutanix-Technologies.png]
[cds.iitgn.ac.in/wp-content/uploads/2022/08/NVIDIA.jpg]
[cds.iitgn.ac.in/wp-content/uploads/2022/08/NXP-Semiconductor.png]
[cds.iitgn.ac.in/wp-content/uploads/2022/08/One97-Communications-Ltd.-Paytm.jpg]
[cds.iitgn.ac.in/wp-content/uploads/2022/08/OPTUM-UHG.png]
[cds.iitgn.ac.in/wp-content/uploads/2022/08/ORACLE-INDIA-PVT-LTD..jpg]
[cds.iitgn.ac.in/wp-content/uploads/2022/08/OYO.png]
[cds.iitgn.ac.in/wp-content/uploads/2022/08/Porter.png]
[cds.iitgn.ac.in/wp-content/uploads/2022/08/Postman.png]
[cds.iitgn.ac.in/wp-content/uploads/2022/08/Publicis-Sapient.png]
[cds.iitgn.ac.in/wp-content/uploads/2022/08/Redpine-Signals-India-Private-Limited.png]
[cds.iitgn.ac.in/wp-content/uploads/2022/08/ReNew-Power.png]
[cds.iitgn.ac.in/wp-content/uploads/2022/08/S_P-Global.png]
[cds.iitgn.ac.in/wp-content/uploads/2022/08/Salesforce.png]
[cds.iitgn.ac.in/wp-content/uploads/2022/08/Samsung-R_D-Institute-India-Noida-2.png]
[cds.iitgn.ac.in/wp-content/uploads/2022/08/Siemens-Technology-and-Services-1.png]
[cds.iitgn.ac.in/wp-content/uploads/2022/08/Skan-AI.jpg]
[cds.iitgn.ac.in/wp-content/uploads/2022/08/SRF-Ltd.png]
[cds.iitgn.ac.in/wp-content/uploads/2022/08/Strand-Life-Sciences.png]
[cds.iitgn.ac.in/wp-content/uploads/2022/08/Suzlon-Energy-Limited.png]
[cds.iitgn.ac.in/wp-content/uploads/2022/08/Swiggy-Bundl-Technologies-Pvt.-Ltd.png]
[cds.iitgn.ac.in/wp-content/uploads/2022/08/Tata-Consultancy-Services.png]
[cds.iitgn.ac.in/wp-content/uploads/2022/08/Tata-Power.png]
[cds.iitgn.ac.in/wp-content/uploads/2022/08/Texas-Instruments.png]
[cds.iitgn.ac.in/wp-content/uploads/2022/08/Thornton-Tomasetti.png]
[cds.iitgn.ac.in/wp-content/uploads/2022/08/Tonichi-Insatsu-Co.-Ltd-Japan.png]
[cds.iitgn.ac.in/wp-content/uploads/2022/08/Toppr.png]
[cds.iitgn.ac.in/wp-content/uploads/2022/08/Undostres.png]
[cds.iitgn.ac.in/wp-content/uploads/2022/08/VECV.png]
[cds.iitgn.ac.in/wp-content/uploads/2022/08/Wipro.png]
[cds.iitgn.ac.in/wp-content/uploads/2022/08/Worley.jpg]
[cds.iitgn.ac.in/wp-content/uploads/2022/08/Xylem-Incorporation.png]
[cds.iitgn.ac.in/wp-content/uploads/2022/08/ZF-Wind-Power-Coimbatore-Pvt-Ltd.jpg]
[cds.iitgn.ac.in/wp-content/uploads/2022/08/ZS-Associates.jpg]
[cds.iitgn.ac.in/2225-2/index.html]
[cds.iitgn.ac.in/wp-json/wp/v2/pages/2438.json]
[cds.iitgn.ac.in/wp-json/oembed/1.0/embed756d.json]
[cds.iitgn.ac.in/wp-json/oembed/1.0/embed7c0e]
[cds.iitgn.ac.in/wp-content/uploads/2022/09/Adera-France.png]
[cds.iitgn.ac.in/wp-content/uploads/2022/09/California-Institute-of-Technology-USA.png]
[cds.iitgn.ac.in/wp-content/uploads/2022/09/Case-Western-Reserve-University-USA-1.jpg]
[cds.iitgn.ac.in/wp-content/uploads/2022/09/Clemson-University-USA.png]
[cds.iitgn.ac.in/wp-content/uploads/2022/09/wordmarksquare-red-600x600-1.png]
[cds.iitgn.ac.in/wp-content/uploads/2022/09/Colorado-State-University-USA.png]
[cds.iitgn.ac.in/wp-content/uploads/2022/09/Columbia-University-USA.jpg]
[cds.iitgn.ac.in/wp-content/uploads/2022/09/Duke-University-USA.png]
[cds.iitgn.ac.in/wp-content/uploads/2022/09/ecole-Nationale-Sup¬rieure-d_Arts-et-M¬tiers-France.png]
[cds.iitgn.ac.in/wp-content/uploads/2022/09/ecole-Polytechnique-F¬d¬rale-de-Lausanne-Switzerland.png]
[cds.iitgn.ac.in/wp-content/uploads/2022/09/download-1.png]
[cds.iitgn.ac.in/wp-content/uploads/2022/09/ETH.png]
[cds.iitgn.ac.in/wp-content/uploads/2022/09/inr_logo_rouge.jpg]
[cds.iitgn.ac.in/wp-content/uploads/2022/09/Institute-of-Chemical-and-Engineering-Sciences-A-STAR-Singapore.png]
[cds.iitgn.ac.in/wp-content/uploads/2022/09/Institute-of-High-Performance-Computing-A-STAR-Singapore.png]
[cds.iitgn.ac.in/wp-content/uploads/2022/09/ISCTE-University-Institute-of-Lisbon-Portugal.png]
[cds.iitgn.ac.in/wp-content/uploads/2022/09/Istituto-di-Scienza-e-Tecnologie-dell_Informazione-Italy.png]
[cds.iitgn.ac.in/wp-content/uploads/2022/09/Japan-Advanced-Institute-of-Science-and-Technology-Japan.png]
[cds.iitgn.ac.in/wp-content/uploads/2022/09/Johns-Hopkins-University-USA.png]
[cds.iitgn.ac.in/wp-content/uploads/2022/09/kaust_logo.jpg]
[cds.iitgn.ac.in/wp-content/uploads/2022/09/Nanyang-Technological-University-Singapore.png]
[cds.iitgn.ac.in/wp-content/uploads/2022/09/National-University-of-Singapore-Singapore.png]
[cds.iitgn.ac.in/wp-content/uploads/2022/09/Otto-von-Guericke-University-Magdeburg-Germany-1.png]
[cds.iitgn.ac.in/wp-content/uploads/2022/09/Purdue-University-USA.png]
[cds.iitgn.ac.in/wp-content/uploads/2022/09/RMIT-University-Australia.png]
[cds.iitgn.ac.in/wp-content/uploads/2022/09/Rowan_University_logo.svg_.png]
[cds.iitgn.ac.in/wp-content/uploads/2022/09/RWTH-Aachen-University-Germany-1.png]
[cds.iitgn.ac.in/wp-content/uploads/2022/09/Seoul-National-University-South-Korea.jpg]
[cds.iitgn.ac.in/wp-content/uploads/2022/09/Simon-Fraser-University-1.png]
[cds.iitgn.ac.in/wp-content/uploads/2022/09/Singapore-University-of-Technology-and-Design-Singapore.png]
[cds.iitgn.ac.in/wp-content/uploads/2022/09/Syracuse-University-USA.png]
[cds.iitgn.ac.in/wp-content/uploads/2022/09/Technical-University-of-Munich-Germany.png]
[cds.iitgn.ac.in/wp-content/uploads/2022/09/Technion-Israel-Institute-of-Technology-iCreate-Israel-3.png]
[cds.iitgn.ac.in/wp-content/uploads/2022/09/Texas-A_M-University-USA.png]
[cds.iitgn.ac.in/wp-content/uploads/2022/09/The-New-School-USA.png]
[cds.iitgn.ac.in/wp-content/uploads/2022/09/Universiti-Teknologi-Petronas-Malaysia.png]
[cds.iitgn.ac.in/wp-content/uploads/2022/09/University-at-albany.png]
[cds.iitgn.ac.in/wp-content/uploads/2022/09/University-at-Buffalo-USA.png]
[cds.iitgn.ac.in/wp-content/uploads/2022/09/University-of-Alberta-Canada.png]
[cds.iitgn.ac.in/wp-content/uploads/2022/09/University-of-British-Columbia-Canada.png]
[cds.iitgn.ac.in/wp-content/uploads/2022/09/University-of-California-Merced-USA.png]
[cds.iitgn.ac.in/wp-content/uploads/2022/09/University-of-Colorado-Boulder-USA.png]
[cds.iitgn.ac.in/wp-content/uploads/2022/09/University-of-Houston-USA.png]
[cds.iitgn.ac.in/wp-content/uploads/2022/09/University-of-Illinois-at-Chicago-USA.png]
[cds.iitgn.ac.in/wp-content/uploads/2022/09/University-of-Illinois-Urbana-Champaign-USA.jpg]
[cds.iitgn.ac.in/wp-content/uploads/2022/09/University-of-Jena-Germany.png]
[cds.iitgn.ac.in/wp-content/uploads/2022/09/Logo-University-of-Miami.jpg]
[cds.iitgn.ac.in/wp-content/uploads/2022/09/University-of-New-South-Wales-Australia-1.png]
[cds.iitgn.ac.in/wp-content/uploads/2022/09/University-of-Notre-Dame-USA.png]
[cds.iitgn.ac.in/wp-content/uploads/2022/09/University-of-Ottawa-Canada.jpg]
[cds.iitgn.ac.in/wp-content/uploads/2022/09/University-of-Rhode-Island-USA.jpg]
[cds.iitgn.ac.in/wp-content/uploads/2022/09/University-of-Saskatchewan-Canada.png]
[cds.iitgn.ac.in/wp-content/uploads/2022/09/University-of-South-Carolina-USA.jpg]
[cds.iitgn.ac.in/wp-content/uploads/2022/09/University-of-Southern-California-USA.png]
[cds.iitgn.ac.in/wp-content/uploads/2022/09/University-of-Strathclyde-Scotland.png]
[cds.iitgn.ac.in/wp-content/uploads/2022/09/USG.jpg]
[cds.iitgn.ac.in/wp-content/uploads/2022/09/358-3586357_university-of-utah-logo-png-transparent-png.png]
[cds.iitgn.ac.in/wp-content/uploads/2022/09/University-of-Washington-USA-1.jpg]
[cds.iitgn.ac.in/wp-content/uploads/2022/09/University-of-Wisconsin-Madison-USA.png]
[cds.iitgn.ac.in/wp-content/uploads/2022/09/Victoria-University-Australia.png]
[cds.iitgn.ac.in/wp-content/uploads/2022/09/Washington-University-in-St.-Louis-USA.png]
[cds.iitgn.ac.in/2438-2/index.html]
[cds.iitgn.ac.in/wp-content/themes/Divi/core/admin/fonts/modules/all/modules.eot]
[cds.iitgn.ac.in/wp-json/wp/v2/pages/1572.json]
[cds.iitgn.ac.in/wp-json/oembed/1.0/embed44aa.json]
[cds.iitgn.ac.in/wp-json/oembed/1.0/embed130f]
[cds.iitgn.ac.in/1572-2/index.html]
[cds.iitgn.ac.in/wp-json/wp/v2/pages/1998.json]
[cds.iitgn.ac.in/wp-json/oembed/1.0/embed7d0e.json]
[cds.iitgn.ac.in/wp-json/oembed/1.0/embed917e]
[cds.iitgn.ac.in/share-job-opportunity-with-alumni/index.html]
[cds.iitgn.ac.in/wp-content/themes/Divi/core/admin/fonts/modules/social/modules.eot]
[cds.iitgn.ac.in/wp-json/wp/v2/pages/235.json]
[cds.iitgn.ac.in/wp-json/oembed/1.0/embed1f2e.json]
[cds.iitgn.ac.in/wp-json/oembed/1.0/embed47b4]
[cds.iitgn.ac.in/wp-content/uploads/2022/09/1_shanmuganathan.jpg]
[cds.iitgn.ac.in/wp-content/uploads/2023/01/Saumil-Shah-1.png]
[cds.iitgn.ac.in/wp-content/uploads/2022/04/JC.jpg]
[cds.iitgn.ac.in/wp-content/uploads/2023/01/Sunil-A.png]
[cds.iitgn.ac.in/contact-us/index.html]
[cds.iitgn.ac.in/wp-json/wp/v2/pages/1299.json]
[cds.iitgn.ac.in/wp-json/oembed/1.0/embed0249.json]
[cds.iitgn.ac.in/wp-json/oembed/1.0/embed293a]
[cds.iitgn.ac.in/faqs/index.html]
[cds.iitgn.ac.in/wp-includes/css/dist/block-library/style.min1eb7.css]
[cds.iitgn.ac.in/wp-content/plugins/wp-carousel-free/public/fonts/fontawesome-webfont3e6e.svg]
[cds.iitgn.ac.in/wp-content/et-cache/324/et-divi-dynamic-3244fc0.css]
[cds.iitgn.ac.in/indexf47a.html]
[cds.iitgn.ac.in/index3c2a.html]
[cds.iitgn.ac.in/index62d8.html]
[cds.iitgn.ac.in/indexd848.html]
[cds.iitgn.ac.in/indexd20a.html]
[cds.iitgn.ac.in/index1d86.html]
[cds.iitgn.ac.in/index164e.html]
[cds.iitgn.ac.in/index0ba7.html]
[cds.iitgn.ac.in/indexad28.html]
[cds.iitgn.ac.in/indexcd93.html]
[cds.iitgn.ac.in/indexf11b.html]
[cds.iitgn.ac.in/indexd684.html]
[cds.iitgn.ac.in/indexa9e1.html]
[cds.iitgn.ac.in/wp-json/wp/v2/pages/1663.json]
[cds.iitgn.ac.in/wp-json/oembed/1.0/embed7a9d.json]
[cds.iitgn.ac.in/wp-json/oembed/1.0/embed5a61]
[cds.iitgn.ac.in/wp-content/uploads/2021/04/aRTICLE-5-300x300.png]
[cds.iitgn.ac.in/wp-content/uploads/2021/04/Document-icon-3-300x300.png]
[cds.iitgn.ac.in/wp-content/uploads/2021/04/Video-icon-3-300x300.png]
[cds.iitgn.ac.in/wp-content/uploads/2021/04/Opportunity-3-300x300.png]
[cds.iitgn.ac.in/1663-2/index.html]
[cds.iitgn.ac.in/wp-json/wp/v2/pages/2211.json]
[cds.iitgn.ac.in/wp-json/oembed/1.0/embeda109.json]
[cds.iitgn.ac.in/wp-json/oembed/1.0/embed353f]
[cds.iitgn.ac.in/2211-2/index.html]
[cds.iitgn.ac.in/indexb582.html]
[cds.iitgn.ac.in/index5f0f.html]
[cds.iitgn.ac.in/indexd201.html]
[cds.iitgn.ac.in/index7b62.html]
[cds.iitgn.ac.in/index515f.html]
